
================================================================================
[0;34mPR #122 Automated Test Suite[0m
================================================================================

[0;34m[INFO][0m Starting automated tests for Kotlin/Java language selection feature
[1;33m[WARNING][0m manual-tests/ directory exists - will not be modified by this script

================================================================================
[0;34mPhase 1: Checking Prerequisites[0m
================================================================================

[0;32m[SUCCESS][0m node found (v22.21.1)
[0;32m[SUCCESS][0m npm found (10.9.4)
[0;32m[SUCCESS][0m java found (java version "21.0.5" 2024-10-15 LTS)
[0;32m[SUCCESS][0m git found (git version 2.50.1 (Apple Git-155))
[1;33m[WARNING][0m gradle not found (optional)
[1;33m[WARNING][0m JAVA_HOME not set
[0;32m[SUCCESS][0m ANDROID_HOME set to: /Users/pedrobilro/Library/Android/sdk
[0;32m[SUCCESS][0m All required prerequisites satisfied

================================================================================
[0;34mPhase 2: Verifying and Building PR Code[0m
================================================================================

[0;34m[INFO][0m Found PR directory at: /Users/pedrobilro/Desktop/client_projects/outsystems/source_codes/community_ionic_repos/test-create-capacitor-plugin-pr122/../fork-create-capacitor-plugin-pr122-kotlin
[0;34m[INFO][0m Current branch: feat/kotlin_template
[0;34m[INFO][0m Recent commits:
749cc16 chore: fix lint issues
18c6491 chore: document android-lang as either-or, instead of e.g.
c85054c feat(android): Add kotlin version of test files
[0;34m[INFO][0m Installing dependencies...
[0;34m[INFO][0m Building the tool...
[0;32m[SUCCESS][0m PR code built successfully

================================================================================
[0;34mPhase 3: Verifying PR Features[0m
================================================================================

[0;34m[INFO][0m Checking for --android-lang option...
[0;32m[SUCCESS][0m Found --android-lang option
[0;34m[INFO][0m Option details:
    --android-lang ............ Language for Android plugin development (either "kotlin" or "java")


================================================================================
[0;34mTesting Scenario: Scenario 1: Basic Java Plugin (Regression)[0m
================================================================================

[0;34m[INFO][0m Generating plugin: test-java-plugin (language: java)
[0;32m[SUCCESS][0m Generated plugin: test-java-plugin
[0;34m[INFO][0m Validating structure for: test-java-plugin
[0;32m[SUCCESS][0m Structure validation passed for: test-java-plugin
[0;34m[INFO][0m Building plugin: test-java-plugin
[0;34m[INFO][0m Installing npm dependencies for: test-java-plugin
[0;34m[INFO][0m Running npm build for: test-java-plugin
[0;32m[SUCCESS][0m Built plugin: test-java-plugin
[0;34m[INFO][0m Running Gradle build and tests for: test-java-plugin
[0;32m[SUCCESS][0m Gradle tests passed for: test-java-plugin
[0;32m[SUCCESS][0m ✓ Scenario passed: Scenario 1: Basic Java Plugin (Regression)

================================================================================
[0;34mTesting Scenario: Scenario 2: Basic Kotlin Plugin[0m
================================================================================

[0;34m[INFO][0m Generating plugin: test-kotlin-plugin (language: kotlin)
[0;32m[SUCCESS][0m Generated plugin: test-kotlin-plugin
[0;34m[INFO][0m Validating structure for: test-kotlin-plugin
[0;32m[SUCCESS][0m Structure validation passed for: test-kotlin-plugin
[0;34m[INFO][0m Building plugin: test-kotlin-plugin
[0;34m[INFO][0m Installing npm dependencies for: test-kotlin-plugin
[0;34m[INFO][0m Running npm build for: test-kotlin-plugin
[0;32m[SUCCESS][0m Built plugin: test-kotlin-plugin
[0;34m[INFO][0m Running Gradle build and tests for: test-kotlin-plugin
[0;32m[SUCCESS][0m Gradle tests passed for: test-kotlin-plugin
[0;32m[SUCCESS][0m ✓ Scenario passed: Scenario 2: Basic Kotlin Plugin

================================================================================
[0;34mTesting Scenario: Scenario 3: Complex Package Names (Kotlin)[0m
================================================================================

[0;34m[INFO][0m Generating plugin: advanced-features-plugin (language: kotlin)
[0;32m[SUCCESS][0m Generated plugin: advanced-features-plugin
[0;34m[INFO][0m Validating structure for: advanced-features-plugin
[0;32m[SUCCESS][0m Structure validation passed for: advanced-features-plugin
[0;34m[INFO][0m Building plugin: advanced-features-plugin
[0;34m[INFO][0m Installing npm dependencies for: advanced-features-plugin
[0;34m[INFO][0m Running npm build for: advanced-features-plugin
[0;32m[SUCCESS][0m Built plugin: advanced-features-plugin
[0;34m[INFO][0m Running Gradle build and tests for: advanced-features-plugin
[0;32m[SUCCESS][0m Gradle tests passed for: advanced-features-plugin
[0;32m[SUCCESS][0m ✓ Scenario passed: Scenario 3: Complex Package Names (Kotlin)

================================================================================
[0;34mTesting Scenario: Scenario 4: Simple Package Names (Java)[0m
================================================================================

[0;34m[INFO][0m Generating plugin: simple-plugin (language: java)
[0;32m[SUCCESS][0m Generated plugin: simple-plugin
[0;34m[INFO][0m Validating structure for: simple-plugin
[0;32m[SUCCESS][0m Structure validation passed for: simple-plugin
[0;34m[INFO][0m Building plugin: simple-plugin
[0;34m[INFO][0m Installing npm dependencies for: simple-plugin
[0;34m[INFO][0m Running npm build for: simple-plugin
[0;32m[SUCCESS][0m Built plugin: simple-plugin
[0;34m[INFO][0m Running Gradle build and tests for: simple-plugin
[0;32m[SUCCESS][0m Gradle tests passed for: simple-plugin
[0;32m[SUCCESS][0m ✓ Scenario passed: Scenario 4: Simple Package Names (Java)

================================================================================
[0;34mPhase 4: Generating Test Report[0m
================================================================================

================================================================================
Test Report for PR #122: Kotlin/Java Language Selection
================================================================================

Date: Fri Feb 27 15:56:21 WET 2026
Total Tests: 4
Passed: 4
Failed: 0

Detailed logs available in: /Users/pedrobilro/Desktop/client_projects/outsystems/source_codes/community_ionic_repos/test-create-capacitor-plugin-pr122/test-results/logs

Result: ALL TESTS PASSED ✓
================================================================================
[0;32m[SUCCESS][0m Report saved to: /Users/pedrobilro/Desktop/client_projects/outsystems/source_codes/community_ionic_repos/test-create-capacitor-plugin-pr122/reports/test-summary.txt
[0;32m[SUCCESS][0m All tests completed successfully!
